2026-07-31T22:50:04.041209 - Email agent daemon started
2026-07-31T22:50:04.049025 - Next run at 2026-08-01T09:00:00 (waiting 36595s)
2026-07-31T22:50:59.707295 - Email agent daemon started
2026-07-31T22:50:59.709415 - Running email agent...
2026-07-31T22:51:43.321253 - Agent finished with exit code 0
2026-07-31T22:51:43.324551 - STDOUT: financegrowthsuper.info (3 emails)
  - support@spiffy.co (3 emails)
  - noreply@glowjoycool186.com (6 emails)
  - contact@zenflowquest219.com (3 emails)
  - info@brivonexaflow130.com (7 emails)
  - n1nldc1c@strongjoypath300.com (8 emails)
  - partners@7figures.com (3 emails)
  - dave@appbreedexchange.com (3 emails)
  - no-reply@zoom.us (3 emails)
  - sofi@m.sofi.org (11 emails)
  - chase@mcmap.chase.com (4 emails)
  - credit-card-offers@email.capitalone.com (3 emails)
  - notifications@bookbolt.io (3 emails)
  - info@upstriderofficial.com (5 emails)
  - contact@bcac4p.com (6 emails)
  - asflybackringssnailsmout@cooklet.cookingsubscribe.com (3 emails)
  - a25wqarb@serenjoypulse218.com (3 emails)
  - support@brightflowpulse759.com (4 emails)
  - support@serenova71.com (5 emails)
  - hello@paperbell.com (8 emails)
  - hello@mail.faire.com (3 emails)
  - noreply@offers.creditonebank.com (4 emails)
  - noreply@emails.creditonebank.com (4 emails)
  - care@reliablemoneyplan.info (6 emails)
  - support@powmr.com (4 emails)
  - e.dcsg@financecreditloompro.com (4 emails)
  - info@members.netflix.com (4 emails)
  - support@elegantnestplan.com (5 emails)
  - members@cbdriver.com (5 emails)
  - info@7figures.com (3 emails)
  - shop@financialelevations.info (3 emails)
  - no-reply@mail.goodreads.com (3 emails)
  - hello@team.emergent.sh (3 emails)
  - randomlovefew@write.eyepaperpin.com (4 emails)
  - email.readly@globalcreditvault.com (3 emails)
  - teamleaders@hihomegroup.com (4 emails)
  - noreply@financerisewealth.com (3 emails)
  - info@pfsbroker.com (3 emails)
  - info@digitalmaker.ai (4 emails)
  - tv@dailyproductpicks.info (3 emails)
  - deals@unifiedcartitems.com (3 emails)
  - leanna@loox.app (3 emails)
  - noreply@financialconceptworks.com (5 emails)
  - marcin@marcindrozdz.ai (3 emails)
  - emails@healthcarebalanceguide.com (3 emails)
  - jared@zendrop.com (3 emails)

Report saved to C:\Users\gnvvs\OneDrive\Documents\Default Project\EmailAgent\email_agent_report.json

2026-07-31T22:51:43.328546 - Next run at 2026-08-01T09:00:00 (waiting 36496s)
2026-08-01T02:24:45.952059 - Email agent daemon started
2026-08-01T02:24:45.992924 - Running email agent...
2026-08-01T02:25:26.247830 - Agent finished with exit code 0
2026-08-01T02:25:26.250676 - STDOUT: om (7 emails)
  - n1nldc1c@strongjoypath300.com (8 emails)
  - noreply@offers.creditonebank.com (4 emails)
  - help@driversguild.org (3 emails)
  - noreply@financegrowthsuper.info (3 emails)
  - support@spiffy.co (3 emails)
  - noreply@glowjoycool186.com (6 emails)
  - contact@zenflowquest219.com (3 emails)
  - info@brivonexaflow130.com (7 emails)
  - partners@7figures.com (3 emails)
  - dave@appbreedexchange.com (3 emails)
  - no-reply@zoom.us (3 emails)
  - sofi@m.sofi.org (11 emails)
  - chase@mcmap.chase.com (4 emails)
  - support@powmr.com (4 emails)
  - e.dcsg@financecreditloompro.com (4 emails)
  - info@upstriderofficial.com (5 emails)
  - contact@bcac4p.com (6 emails)
  - asflybackringssnailsmout@cooklet.cookingsubscribe.com (3 emails)
  - a25wqarb@serenjoypulse218.com (3 emails)
  - support@brightflowpulse759.com (4 emails)
  - support@serenova71.com (5 emails)
  - hello@paperbell.com (8 emails)
  - hello@mail.faire.com (3 emails)
  - noreply@emails.creditonebank.com (4 emails)
  - care@reliablemoneyplan.info (6 emails)
  - no-reply@mail.goodreads.com (3 emails)
  - info@members.netflix.com (4 emails)
  - support@elegantnestplan.com (5 emails)
  - members@cbdriver.com (5 emails)
  - info@7figures.com (3 emails)
  - shop@financialelevations.info (3 emails)
  - info@digitalmaker.ai (4 emails)
  - hello@team.emergent.sh (3 emails)
  - randomlovefew@write.eyepaperpin.com (4 emails)
  - email.readly@globalcreditvault.com (3 emails)
  - teamleaders@hihomegroup.com (4 emails)
  - noreply@financerisewealth.com (3 emails)
  - info@pfsbroker.com (3 emails)
  - tv@dailyproductpicks.info (3 emails)
  - deals@unifiedcartitems.com (3 emails)
  - leanna@loox.app (3 emails)
  - hello@e.faire.com (3 emails)
  - noreply@financialconceptworks.com (5 emails)
  - marcin@marcindrozdz.ai (3 emails)
  - emails@healthcarebalanceguide.com (3 emails)
  - jared@zendrop.com (3 emails)

Report saved to C:\Users\gnvvs\OneDrive\Documents\Default Project\EmailAgent\email_agent_report.json

2026-08-01T02:25:26.253400 - Next run at 2026-08-01T09:00:00 (waiting 23673s)
2026-08-01T09:00:00.010940 - Running email agent...
2026-08-01T09:00:30.449754 - Agent finished with exit code 0
2026-08-01T09:00:30.451266 - STDOUT: ar.shopify.com (3 emails)
  - shop@poshmark.com (5 emails)
  - hello@paperbell.com (8 emails)
  - n1nldc1c@strongjoypath300.com (8 emails)
  - noreply@offers.creditonebank.com (4 emails)
  - help@driversguild.org (3 emails)
  - noreply@financegrowthsuper.info (3 emails)
  - support@spiffy.co (3 emails)
  - noreply@glowjoycool186.com (6 emails)
  - contact@zenflowquest219.com (3 emails)
  - info@brivonexaflow130.com (7 emails)
  - partners@7figures.com (3 emails)
  - dave@appbreedexchange.com (3 emails)
  - support@powmr.com (4 emails)
  - e.dcsg@financecreditloompro.com (4 emails)
  - info@upstriderofficial.com (5 emails)
  - contact@bcac4p.com (6 emails)
  - prillingalgedonickennelled@nodepblog.com (3 emails)
  - asflybackringssnailsmout@cooklet.cookingsubscribe.com (3 emails)
  - a25wqarb@serenjoypulse218.com (3 emails)
  - support@brightflowpulse759.com (4 emails)
  - support@serenova71.com (5 emails)
  - hello@mail.faire.com (3 emails)
  - members@cbdriver.com (5 emails)
  - noreply@emails.creditonebank.com (4 emails)
  - care@reliablemoneyplan.info (6 emails)
  - shop@financialelevations.info (3 emails)
  - no-reply@mail.goodreads.com (3 emails)
  - info@members.netflix.com (4 emails)
  - support@elegantnestplan.com (5 emails)
  - info@7figures.com (3 emails)
  - info@digitalmaker.ai (4 emails)
  - hello@team.emergent.sh (3 emails)
  - randomlovefew@write.eyepaperpin.com (4 emails)
  - email.readly@globalcreditvault.com (3 emails)
  - teamleaders@hihomegroup.com (4 emails)
  - noreply@financerisewealth.com (4 emails)
  - info@pfsbroker.com (3 emails)
  - tv@dailyproductpicks.info (3 emails)
  - deals@unifiedcartitems.com (3 emails)
  - leanna@loox.app (3 emails)
  - hello@e.faire.com (3 emails)
  - marcin@marcindrozdz.ai (3 emails)
  - noreply@financialconceptworks.com (5 emails)
  - jared@zendrop.com (3 emails)
  - emails@healthcarebalanceguide.com (3 emails)

Report saved to C:\Users\gnvvs\OneDrive\Documents\Default Project\EmailAgent\email_agent_report.json

2026-08-01T09:00:30.453011 - Next run at 2026-08-02T09:00:00 (waiting 86369s)
